
> crm-frontend@0.1.0 build
> next build

Γû▓ Next.js 16.1.6 (Turbopack)
- Environments: .env.local
node.exe : ΓÜá The 
"middleware" file convention 
is deprecated. Please use 
"proxy" instead. Learn more: h
ttps://nextjs.org/docs/message
s/middleware-to-proxy
At C:\Program 
Files\nodejs\npm.ps1:29 char:3
+   & $NODE_EXE $NPM_CLI_JS 
$args
+   
~~~~~~~~~~~~~~~~~~~~~~~~~~~~~
    + CategoryInfo          : 
    NotSpecified: (ΓÜá The "  
  middle...leware-to-proxy:   
 String) [], RemoteExcepti    
on
    + FullyQualifiedErrorId : 
    NativeCommandError
 

  Creating an optimized production build ...

> Build error occurred
Error: Turbopack build failed 
with 1 errors:
./src/pages/Dashboard.jsx:8:1
Module not found: Can't 
resolve 'recharts'
[0m [90m  6 |[39m   [33mDo
llarSign[39m[33m,[39m 
[33mTarget[39m[33m,[39m 
[33mAward[39m[33m,[39m [3
3mShieldCheck[39m[33m,[39m 
[33mClock[39m[33m,[39m 
[33mXCircle[39m
 [90m  7 |[39m } 
[36mfrom[39m 
[32m'lucide-react'[39m
[31m[1m>[22m[39m[90m  8 
|[39m [36mimport[39m {
 [90m    |[39m [31m[1m^[2
2m[39m[31m[1m^[22m[39m[3
1m[1m^[22m[39m[31m[1m^[2
2m[39m[31m[1m^[22m[39m[3
1m[1m^[22m[39m[31m[1m^[2
2m[39m[31m[1m^[22m[39m
[31m[1m>[22m[39m[90m  9 
|[39m   
[33mPieChart[39m[33m,[39m 
[33mPie[39m[33m,[39m 
[33mCell[39m[33m,[39m 
[33mBarChart[39m[33m,[39m 
[33mBar[39m[33m,[39m 
[33mXAxis[39m[33m,[39m 
[33mYAxis[39m[33m,[39m
 [90m    |[39m [31m[1m^[2
2m[39m[31m[1m^[22m[39m[3
1m[1m^[22m[39m[31m[1m^[2
2m[39m[31m[1m^[22m[39m[3
1m[1m^[22m[39m[31m[1m^[2
2m[39m[31m[1m^[22m[39m[3
1m[1m^[22m[39m[31m[1m^[2
2m[39m[31m[1m^[22m[39m[3
1m[1m^[22m[39m[31m[1m^[2
2m[39m[31m[1m^[22m[39m[3
1m[1m^[22m[39m[31m[1m^[2
2m[39m[31m[1m^[22m[39m[3
1m[1m^[22m[39m[31m[1m^[2
2m[39m[31m[1m^[22m[39m[3
1m[1m^[22m[39m[31m[1m^[2
2m[39m[31m[1m^[22m[39m[3
1m[1m^[22m[39m[31m[1m^[2
2m[39m[31m[1m^[22m[39m[3
1m[1m^[22m[39m[31m[1m^[2
2m[39m[31m[1m^[22m[39m[3
1m[1m^[22m[39m[31m[1m^[2
2m[39m[31m[1m^[22m[39m[3
1m[1m^[22m[39m[31m[1m^[2
2m[39m[31m[1m^[22m[39m[3
1m[1m^[22m[39m[31m[1m^[2
2m[39m[31m[1m^[22m[39m[3
1m[1m^[22m[39m[31m[1m^[2
2m[39m[31m[1m^[22m[39m[3
1m[1m^[22m[39m[31m[1m^[2
2m[39m[31m[1m^[22m[39m[3
1m[1m^[22m[39m[31m[1m^[2
2m[39m[31m[1m^[22m[39m[3
1m[1m^[22m[39m[31m[1m^[2
2m[39m[31m[1m^[22m[39m[3
1m[1m^[22m[39m
[31m[1m>[22m[39m[90m 10 
|[39m   [33mCartesianGrid[3
9m[33m,[39m 
[33mTooltip[39m[33m,[39m 
[33mResponsiveContainer[39m[
33m,[39m 
[33mLegend[39m[33m,[39m
 [90m    |[39m [31m[1m^[2
2m[39m[31m[1m^[22m[39m[3
1m[1m^[22m[39m[31m[1m^[2
2m[39m[31m[1m^[22m[39m[3
1m[1m^[22m[39m[31m[1m^[2
2m[39m[31m[1m^[22m[39m[3
1m[1m^[22m[39m[31m[1m^[2
2m[39m[31m[1m^[22m[39m[3
1m[1m^[22m[39m[31m[1m^[2
2m[39m[31m[1m^[22m[39m[3
1m[1m^[22m[39m[31m[1m^[2
2m[39m[31m[1m^[22m[39m[3
1m[1m^[22m[39m[31m[1m^[2
2m[39m[31m[1m^[22m[39m[3
1m[1m^[22m[39m[31m[1m^[2
2m[39m[31m[1m^[22m[39m[3
1m[1m^[22m[39m[31m[1m^[2
2m[39m[31m[1m^[22m[39m[3
1m[1m^[22m[39m[31m[1m^[2
2m[39m[31m[1m^[22m[39m[3
1m[1m^[22m[39m[31m[1m^[2
2m[39m[31m[1m^[22m[39m[3
1m[1m^[22m[39m[31m[1m^[2
2m[39m[31m[1m^[22m[39m[3
1m[1m^[22m[39m[31m[1m^[2
2m[39m[31m[1m^[22m[39m[3
1m[1m^[22m[39m[31m[1m^[2
2m[39m[31m[1m^[22m[39m[3
1m[1m^[22m[39m[31m[1m^[2
2m[39m[31m[1m^[22m[39m[3
1m[1m^[22m[39m[31m[1m^[2
2m[39m[31m[1m^[22m[39m[3
1m[1m^[22m[39m[31m[1m^[2
2m[39m[31m[1m^[22m[39m[3
1m[1m^[22m[39m
[31m[1m>[22m[39m[90m 11 
|[39m   [33mLineChart[39m[
33m,[39m 
[33mLine[39m[33m,[39m [33
mAreaChart[39m[33m,[39m 
[33mArea[39m
 [90m    |[39m [31m[1m^[2
2m[39m[31m[1m^[22m[39m[3
1m[1m^[22m[39m[31m[1m^[2
2m[39m[31m[1m^[22m[39m[3
1m[1m^[22m[39m[31m[1m^[2
2m[39m[31m[1m^[22m[39m[3
1m[1m^[22m[39m[31m[1m^[2
2m[39m[31m[1m^[22m[39m[3
1m[1m^[22m[39m[31m[1m^[2
2m[39m[31m[1m^[22m[39m[3
1m[1m^[22m[39m[31m[1m^[2
2m[39m[31m[1m^[22m[39m[3
1m[1m^[22m[39m[31m[1m^[2
2m[39m[31m[1m^[22m[39m[3
1m[1m^[22m[39m[31m[1m^[2
2m[39m[31m[1m^[22m[39m[3
1m[1m^[22m[39m[31m[1m^[2
2m[39m[31m[1m^[22m[39m[3
1m[1m^[22m[39m[31m[1m^[2
2m[39m[31m[1m^[22m[39m[3
1m[1m^[22m[39m[31m[1m^[2
2m[39m[31m[1m^[22m[39m[3
1m[1m^[22m[39m[31m[1m^[2
2m[39m[31m[1m^[22m[39m[3
1m[1m^[22m[39m[31m[1m^[2
2m[39m[31m[1m^[22m[39m[3
1m[1m^[22m[39m[31m[1m^[2
2m[39m[31m[1m^[22m[39m[3
1m[1m^[22m[39m[31m[1m^[2
2m[39m[31m[1m^[22m[39m[3
1m[1m^[22m[39m[31m[1m^[2
2m[39m[31m[1m^[22m[39m[3
1m[1m^[22m[39m[31m[1m^[2
2m[39m[31m[1m^[22m[39m[3
1m[1m^[22m[39m
[31m[1m>[22m[39m[90m 12 
|[39m } [36mfrom[39m 
[32m'recharts'[39m
 [90m    |[39m [31m[1m^[2
2m[39m[31m[1m^[22m[39m[3
1m[1m^[22m[39m[31m[1m^[2
2m[39m[31m[1m^[22m[39m[3
1m[1m^[22m[39m[31m[1m^[2
2m[39m[31m[1m^[22m[39m[3
1m[1m^[22m[39m[31m[1m^[2
2m[39m[31m[1m^[22m[39m[3
1m[1m^[22m[39m[31m[1m^[2
2m[39m[31m[1m^[22m[39m[3
1m[1m^[22m[39m[31m[1m^[2
2m[39m[31m[1m^[22m[39m[3
1m[1m^[22m[39m
 [90m 13 |[39m
 [90m 14 |[39m
 [90m 15 |[39m 
[36mfunction[39m 
[33mDashboard[39m({ 
user[33m,[39m onLogout }) 
{[0m



https://nextjs.org/docs/messag
es/module-not-found


    at <unknown> (./src/pages/
Dashboard.jsx:8:1)
    at <unknown> (https://next
js.org/docs/messages/module-no
t-found)
