src/components/LeadInbox.tsx(558,13): error TS1005: ')' expected.
src/components/LeadInbox.tsx(710,9): error TS1128: Declaration or statement expected.
src/components/LeadInbox.tsx(711,5): error TS1109: Expression expected.
